==================== 2026-09-14T22:31:24.029973Z | 01a0a20b-e679-7700-9ad6-b9816fcc3c17 ====================
22:31:24.030371 [info ]: Installing dbt project and profile setup
22:31:24.035462 [info ]: Info Created .vscode/extensions.json with dbt extension recommendation
22:31:24.035677 [info ]: Success Project created successfully!
22:31:24.035714 [info ]: Info Project name: jaffle_shop
22:31:24.035732 [info ]: Info Project directory: jaffle_shop
22:31:24.035773 [info ]: Info Setting up your profile...
22:31:24.036028 [info ]: Loading ~/.dbt/profiles.yml
22:31:24.037858 [info ]: Profile 'jaffle_shop' already exists. You can choose how to proceed.
22:32:27.773817 [info ]: Info Editing existing profile...
22:32:30.323722 [info ]: Editing existing profile - skipping cloud config fetch
22:32:42.131974 [error]: [IoError (dbt1001)]: Failed to get input for warehouse: IO error: read interrupted
22:32:42.176856 [info ]: 
==================== Execution Summary =====================
Finished 'init' with 1 error [1m 18s]
==================== 2026-09-14T22:32:47.703784Z | 01a0a20d-2d56-7e71-91c4-823b1cc66988 ====================
22:32:47.703852 [info ]: Installing dbt project and profile setup
22:32:47.703943 [info ]: Warning Directory 'jaffle_shop' already exists, using 'jaffle_shop_1' instead
22:32:47.708468 [info ]: Info Created .vscode/extensions.json with dbt extension recommendation
22:32:47.708537 [info ]: Success Project created successfully!
22:32:47.708557 [info ]: Info Project name: jaffle_shop_1
22:32:47.708571 [info ]: Info Project directory: jaffle_shop_1
22:32:47.708587 [info ]: Info Setting up your profile...
22:32:47.708754 [info ]: Loading ~/.dbt/profiles.yml
22:32:47.709068 [info ]: Info Creating new profile...
22:32:49.492006 [info ]: No dbt_cloud.yml found - proceeding without cloud pre-population
22:33:45.486731 [info ]: Success Profile written to /Users/schneider_thalerant/.dbt/profiles.yml
22:33:45.486908 [info ]: Validating profile inputs, adapters, and connection

22:33:45.486987 [info ]: dbt-core 2.0.0-alpha.5
22:33:45.487717 [info ]: Started loading project
22:33:45.492472 [info ]: Loading ~/.dbt/profiles.yml
22:33:45.493830 [info ]: Finished loading project [  0.01s]
22:33:45.494063 [info ]: Started debugging
22:33:45.494151 [info ]: Debugging profile: dev
22:33:45.494187 [info ]: Debugging dbt version: 2.0.0-alpha.5
22:33:45.494203 [info ]: Debugging platform: macos aarch64 (unix)
22:33:45.494258 [info ]: Debugging adapter type: snowflake (remote)
22:33:45.507830 [info ]: Debugging dependencies:
  git: OK
22:33:45.508303 [info ]: Debugging connection:
  "account": "rmscbf-nj47208",
  "user": "SCHNEIDERTHT",
  "database": "INSTACART_DB",
  "warehouse": "DBT_WH",
  "schema": "RAW",
  "role": "DBT_ROLE"
22:33:46.500785 [info ]: Finished debugging [  1.01s]
22:33:46.501180 [error]: [AuthenticationFailed (dbt1011)]: dbt was unable to connect to the specified database.
The following error was returned:

[Snowflake] 261004 (08004): failed to auth for unknown reason. HTTP: 404, URL: https://rmscbf-nj47208.snowflakecomputing.com:443/session/v1/login-request?databaseName=INSTACART_DB&requestId=1181925a-0bba-4977-6524-314bb197f803&request_guid=39064e48-c55a-4bd2-707f-cae1a0c88df0&roleName=DBT_ROLE&schemaName=RAW&warehouse=DBT_WH

Check your database credentials and try again. For more information, visit:
https://docs.getdbt.com/docs/core/connect-data-platform/connection-profiles
22:33:46.525362 [info ]: 
==================== Execution Summary =====================
Finished 'init' with 1 error for target 'dev' [58.8s]
==================== 2026-09-14T22:33:50.686382Z | 01a0a20e-235d-7ec0-bef3-07dffc4678fd ====================
22:33:50.686443 [info ]: Installing dbt project and profile setup
22:33:50.686549 [info ]: Warning Directory 'jaffle_shop' already exists, using 'jaffle_shop_2' instead
22:33:50.690959 [info ]: Info Created .vscode/extensions.json with dbt extension recommendation
22:33:50.691054 [info ]: Success Project created successfully!
22:33:50.691074 [info ]: Info Project name: jaffle_shop_2
22:33:50.691086 [info ]: Info Project directory: jaffle_shop_2
22:33:50.691097 [info ]: Info Setting up your profile...
22:33:50.691223 [info ]: Loading ~/.dbt/profiles.yml
22:33:50.691521 [info ]: Info Creating new profile...
22:33:52.309791 [info ]: No dbt_cloud.yml found - proceeding without cloud pre-population
22:35:53.641568 [info ]: Success Profile written to /Users/schneider_thalerant/.dbt/profiles.yml
22:35:53.641731 [info ]: Validating profile inputs, adapters, and connection

22:35:53.641770 [info ]: dbt-core 2.0.0-alpha.5
22:35:53.642003 [info ]: Started loading project
22:35:53.643784 [info ]: Loading ~/.dbt/profiles.yml
22:35:53.644681 [info ]: Finished loading project [  0.00s]
22:35:53.644790 [info ]: Started debugging
22:35:53.644849 [info ]: Debugging profile: dev
22:35:53.644895 [info ]: Debugging dbt version: 2.0.0-alpha.5
22:35:53.644921 [info ]: Debugging platform: macos aarch64 (unix)
22:35:53.644954 [info ]: Debugging adapter type: snowflake (remote)
22:35:53.664619 [info ]: Debugging dependencies:
  git: OK
22:35:53.664727 [info ]: Debugging connection:
  "account": "yrmscbf-nj47208",
  "user": "SCHNEIDERTHT",
  "database": "INSTACART_DB",
  "warehouse": "DBT_WH",
  "schema": "RAW",
  "role": "DBT_ROLE"
22:35:55.227580 [info ]: Finished debugging [  1.58s]
22:35:55.227840 [error]: [AuthenticationFailed (dbt1011)]: dbt was unable to connect to the specified database.
The following error was returned:

[Snowflake] 390100 (08004): Incorrect username or password was specified. [2f09b32c-af38-4e3f-b977-5d6fe967cedd]

Check your database credentials and try again. For more information, visit:
https://docs.getdbt.com/docs/core/connect-data-platform/connection-profiles
22:35:55.264189 [info ]: 
==================== Execution Summary =====================
Finished 'init' with 1 error for target 'dev' [2m 5s]
